// Jest Snapshot v1, https://goo.gl/fbAQLP

exports[`Trigger.Mobile popupRender 1`] = `
<div
  class="rc-trigger-popup"
>
  <div>
    Light
  </div>
  <strong
    class="x-content"
  />
</div>
`;
